[2026-08-20T01:47:46.315358] ENGINE: 🍳⚔️ FOODAVRUR Protocol Engine v1.0
[2026-08-20T01:47:46.315594] ENGINE: F.IND → O.BSERVE → O.RIENT → D.ECIDE → A.CT → V.ERIFY → R.ECORD → U.PDATE → R.EPEAT
[2026-08-20T01:47:46.315777] ENGINE: 🚀 FOODAVRUR CYCLE INITIATED — FOODAVRUR_20260820_014746
[2026-08-20T01:47:46.315964] ENGINE: 🎯 Target: Highest Priority Card
[2026-08-20T01:47:46.316149] F.IND: Locating target problem or information...
[2026-08-20T01:47:47.382849] F.IND: Found target: Follow-up: Crownless Fortune project blocks
[2026-08-20T01:47:47.383106] O.BSERVE: Gathering real-time data and facts...
[2026-08-20T01:47:50.413412] O.BSERVE: fleet_status={'prometheus': 'DOWN', 'kuma': 'DOWN', 'redis': 'DOWN', 'treasuremap': 'UP'}, trello_access=verified
[2026-08-20T01:47:50.413680] O.RIENT: Filtering data through experience and knowledge...
[2026-08-20T01:47:50.413886] O.RIENT: priority=CRITICAL, impact=critical_fleet
[2026-08-20T01:47:50.414058] D.ECIDE: Planning navigation strategy...
[2026-08-20T01:47:50.414229] D.ECIDE: selected_action=process_card
[2026-08-20T01:47:50.414395] A.CT: Executing decision...
[2026-08-20T01:47:50.414564] A.CT: action_status=completed
[2026-08-20T01:47:50.414727] V.ERIFY: Checking results and side effects...
[2026-08-20T01:47:50.416269] V.ERIFY: verdict=PASS
[2026-08-20T01:47:50.416441] R.ECORD: Documenting results, metrics, and insights...
[2026-08-20T01:47:50.417074] R.ECORD: Evidence saved: FOODAVRUR_20260820_014746_20260820_014750.json
[2026-08-20T01:47:50.417243] R.ECORD: evidence_file=C:\Users\kidsm\Documents\My Docs\VOID Pirate Trading Co\Captain_Dashboard\dashboard\fleet\evidence\FOODAVRUR_20260820_014746_20260820_014750.json
[2026-08-20T01:47:50.417426] U.PDATE: Updating fleet status cache...
[2026-08-20T01:47:50.417884] U.PDATE: Fleet state updated: food_avrur_latest_state.json
[2026-08-20T01:47:50.418055] U.PDATE: state_updated=true
[2026-08-20T01:47:50.418216] R.EPEAT: Cycle complete — awaiting next activation
[2026-08-20T01:47:50.418382] ENGINE: 🏁 FOODAVRUR CYCLE COMPLETE in 4.1s
[2026-08-20T01:47:50.418552] ENGINE: 🎯 Cycle result: complete
[2026-08-20T01:56:12.150615] ENGINE: 🍳⚔️ FOODAVRUR Protocol Engine v1.0
[2026-08-20T01:56:12.150615] ENGINE: F.IND → O.BSERVE → O.RIENT → D.ECIDE → A.CT → V.ERIFY → R.ECORD → U.PDATE → R.EPEAT
[2026-08-20T01:56:12.150615] ENGINE: 🚀 FOODAVRUR CYCLE INITIATED — FOODAVRUR_20260820_015612
[2026-08-20T01:56:12.151615] ENGINE: 🎯 Target: Highest Priority Card
[2026-08-20T01:56:12.151615] F.IND: Locating target problem or information...
[2026-08-20T01:56:15.918305] F.IND: Found target: Follow-up: Crownless Fortune project blocks
[2026-08-20T01:56:15.919305] O.BSERVE: Gathering real-time data and facts...
[2026-08-20T01:56:18.947316] O.BSERVE: fleet_status={'prometheus': 'DOWN', 'kuma': 'DOWN', 'redis': 'DOWN', 'treasuremap': 'UP'}, trello_access=verified
[2026-08-20T01:56:18.947316] O.RIENT: Filtering data through experience and knowledge...
[2026-08-20T01:56:18.947316] O.RIENT: priority=CRITICAL, impact=critical_fleet
[2026-08-20T01:56:18.947316] D.ECIDE: Planning navigation strategy...
[2026-08-20T01:56:18.948316] D.ECIDE: selected_action=process_card
[2026-08-20T01:56:18.948316] A.CT: Executing decision...
[2026-08-20T01:56:18.948316] A.CT: action_status=completed
[2026-08-20T01:56:18.948316] V.ERIFY: Checking results and side effects...
[2026-08-20T01:56:18.950316] V.ERIFY: verdict=PASS
[2026-08-20T01:56:18.950316] R.ECORD: Documenting results, metrics, and insights...
[2026-08-20T01:56:18.950316] R.ECORD: Evidence saved: FOODAVRUR_20260820_015612_20260820_015618.json
[2026-08-20T01:56:18.951316] R.ECORD: evidence_file=C:\Users\kidsm\Documents\My Docs\VOID Pirate Trading Co\Captain_Dashboard\dashboard\fleet\evidence\FOODAVRUR_20260820_015612_20260820_015618.json
[2026-08-20T01:56:18.951316] U.PDATE: Updating fleet status cache...
[2026-08-20T01:56:18.951316] U.PDATE: Fleet state updated: food_avrur_latest_state.json
[2026-08-20T01:56:18.951316] U.PDATE: state_updated=true
[2026-08-20T01:56:18.951316] R.EPEAT: Cycle complete — awaiting next activation
[2026-08-20T01:56:18.952317] ENGINE: 🏁 FOODAVRUR CYCLE COMPLETE in 6.8s
[2026-08-20T01:56:18.952317] ENGINE: 🎯 Cycle result: complete
[2026-08-20T02:00:48.995911] ENGINE: 🍳⚔️ FOODAVRUR Protocol Engine v1.0
[2026-08-20T02:00:48.996134] ENGINE: F.IND → O.BSERVE → O.RIENT → D.ECIDE → A.CT → V.ERIFY → R.ECORD → U.PDATE → R.EPEAT
[2026-08-20T02:00:48.996318] ENGINE: 🚀 FOODAVRUR CYCLE INITIATED — FOODAVRUR_20260820_020048
[2026-08-20T02:00:48.996491] ENGINE: 🎯 Target: Highest Priority Card
[2026-08-20T02:00:48.996683] F.IND: Locating target problem or information...
[2026-08-20T02:00:50.738435] F.IND: Found target: Follow-up: Crownless Fortune project blocks
[2026-08-20T02:00:50.738663] O.BSERVE: Gathering real-time data and facts...
[2026-08-20T02:00:53.765210] O.BSERVE: fleet_status={'prometheus': 'DOWN', 'kuma': 'DOWN', 'redis': 'DOWN', 'treasuremap': 'UP'}, trello_access=verified
[2026-08-20T02:00:53.765469] O.RIENT: Filtering data through experience and knowledge...
[2026-08-20T02:00:53.765679] O.RIENT: priority=CRITICAL, impact=critical_fleet
[2026-08-20T02:00:53.765857] D.ECIDE: Planning navigation strategy...
[2026-08-20T02:00:53.766037] D.ECIDE: selected_action=process_card
[2026-08-20T02:00:53.766215] A.CT: Executing decision...
[2026-08-20T02:00:53.766387] A.CT: action_status=completed
[2026-08-20T02:00:53.766554] V.ERIFY: Checking results and side effects...
[2026-08-20T02:00:53.768062] V.ERIFY: verdict=PASS
[2026-08-20T02:00:53.768266] R.ECORD: Documenting results, metrics, and insights...
[2026-08-20T02:00:53.768909] R.ECORD: Evidence saved: FOODAVRUR_20260820_020048_20260820_020053.json
[2026-08-20T02:00:53.769086] R.ECORD: evidence_file=C:\Users\kidsm\Documents\My Docs\VOID Pirate Trading Co\Captain_Dashboard\dashboard\fleet\evidence\FOODAVRUR_20260820_020048_20260820_020053.json
[2026-08-20T02:00:53.769254] U.PDATE: Updating fleet status cache...
[2026-08-20T02:00:53.769670] U.PDATE: Fleet state updated: food_avrur_latest_state.json
[2026-08-20T02:00:53.769850] U.PDATE: state_updated=true
[2026-08-20T02:00:53.770029] R.EPEAT: Cycle complete — awaiting next activation
[2026-08-20T02:00:53.770209] ENGINE: 🏁 FOODAVRUR CYCLE COMPLETE in 4.77s
[2026-08-20T02:00:53.770391] ENGINE: 🎯 Cycle result: complete
[2026-08-20T02:00:55.297495] ENGINE: 🍳⚔️ FOODAVRUR Protocol Engine v1.0
[2026-08-20T02:00:55.297707] ENGINE: F.IND → O.BSERVE → O.RIENT → D.ECIDE → A.CT → V.ERIFY → R.ECORD → U.PDATE → R.EPEAT
[2026-08-20T02:00:55.297893] ENGINE: 🚀 FOODAVRUR CYCLE INITIATED — FOODAVRUR_20260820_020055
[2026-08-20T02:00:55.298069] ENGINE: 🎯 Target: Highest Priority Card
[2026-08-20T02:00:55.298247] F.IND: Locating target problem or information...
[2026-08-20T02:00:57.347461] F.IND: Found target: Follow-up: Crownless Fortune project blocks
[2026-08-20T02:00:57.347694] O.BSERVE: Gathering real-time data and facts...
[2026-08-20T02:01:00.361869] O.BSERVE: fleet_status={'prometheus': 'DOWN', 'kuma': 'DOWN', 'redis': 'DOWN', 'treasuremap': 'UP'}, trello_access=verified
[2026-08-20T02:01:00.362092] O.RIENT: Filtering data through experience and knowledge...
[2026-08-20T02:01:00.362303] O.RIENT: priority=CRITICAL, impact=critical_fleet
[2026-08-20T02:01:00.362495] D.ECIDE: Planning navigation strategy...
[2026-08-20T02:01:00.362678] D.ECIDE: selected_action=process_card
[2026-08-20T02:01:00.362855] A.CT: Executing decision...
[2026-08-20T02:01:00.363031] A.CT: action_status=completed
[2026-08-20T02:01:00.363233] V.ERIFY: Checking results and side effects...
[2026-08-20T02:01:00.364740] V.ERIFY: verdict=PASS
[2026-08-20T02:01:00.364917] R.ECORD: Documenting results, metrics, and insights...
[2026-08-20T02:01:00.365540] R.ECORD: Evidence saved: FOODAVRUR_20260820_020055_20260820_020100.json
[2026-08-20T02:01:00.365717] R.ECORD: evidence_file=C:\Users\kidsm\Documents\My Docs\VOID Pirate Trading Co\Captain_Dashboard\dashboard\fleet\evidence\FOODAVRUR_20260820_020055_20260820_020100.json
[2026-08-20T02:01:00.365907] U.PDATE: Updating fleet status cache...
[2026-08-20T02:01:00.366329] U.PDATE: Fleet state updated: food_avrur_latest_state.json
[2026-08-20T02:01:00.366501] U.PDATE: state_updated=true
[2026-08-20T02:01:00.366669] R.EPEAT: Cycle complete — awaiting next activation
[2026-08-20T02:01:00.366844] ENGINE: 🏁 FOODAVRUR CYCLE COMPLETE in 5.07s
[2026-08-20T02:01:00.367015] ENGINE: 🎯 Cycle result: complete
[2026-08-20T02:01:14.647512] ENGINE: 🍳⚔️ FOODAVRUR Protocol Engine v1.0
[2026-08-20T02:01:14.647752] ENGINE: F.IND → O.BSERVE → O.RIENT → D.ECIDE → A.CT → V.ERIFY → R.ECORD → U.PDATE → R.EPEAT
[2026-08-20T02:01:14.647949] ENGINE: 🚀 FOODAVRUR CYCLE INITIATED — FOODAVRUR_20260820_020114
[2026-08-20T02:01:14.648128] ENGINE: 🎯 Target: Highest Priority Card
[2026-08-20T02:01:14.648305] F.IND: Locating target problem or information...
[2026-08-20T02:01:16.756595] F.IND: Found target: Follow-up: Crownless Fortune project blocks
[2026-08-20T02:01:16.756847] O.BSERVE: Gathering real-time data and facts...
[2026-08-20T02:01:19.788030] O.BSERVE: fleet_status={'prometheus': 'DOWN', 'kuma': 'DOWN', 'redis': 'DOWN', 'treasuremap': 'UP'}, trello_access=verified
[2026-08-20T02:01:19.788291] O.RIENT: Filtering data through experience and knowledge...
[2026-08-20T02:01:19.788487] O.RIENT: priority=CRITICAL, impact=critical_fleet
[2026-08-20T02:01:19.788665] D.ECIDE: Planning navigation strategy...
[2026-08-20T02:01:19.788846] D.ECIDE: selected_action=process_card
[2026-08-20T02:01:19.789019] A.CT: Executing decision...
[2026-08-20T02:01:19.789220] A.CT: action_status=completed
[2026-08-20T02:01:19.789397] V.ERIFY: Checking results and side effects...
[2026-08-20T02:01:19.790936] V.ERIFY: verdict=PASS
[2026-08-20T02:01:19.791120] R.ECORD: Documenting results, metrics, and insights...
[2026-08-20T02:01:19.791748] R.ECORD: Evidence saved: FOODAVRUR_20260820_020114_20260820_020119.json
[2026-08-20T02:01:19.791931] R.ECORD: evidence_file=C:\Users\kidsm\Documents\My Docs\VOID Pirate Trading Co\Captain_Dashboard\dashboard\fleet\evidence\FOODAVRUR_20260820_020114_20260820_020119.json
[2026-08-20T02:01:19.792100] U.PDATE: Updating fleet status cache...
[2026-08-20T02:01:19.792521] U.PDATE: Fleet state updated: food_avrur_latest_state.json
[2026-08-20T02:01:19.792694] U.PDATE: state_updated=true
[2026-08-20T02:01:19.792878] R.EPEAT: Cycle complete — awaiting next activation
[2026-08-20T02:01:19.793057] ENGINE: 🏁 FOODAVRUR CYCLE COMPLETE in 5.15s
[2026-08-20T02:01:19.793239] ENGINE: 🎯 Cycle result: complete
[2026-08-20T02:03:25.828762] ENGINE: 🍳⚔️ FOODAVRUR Protocol Engine v1.0
[2026-08-20T02:03:25.828998] ENGINE: F.IND → O.BSERVE → O.RIENT → D.ECIDE → A.CT → V.ERIFY → R.ECORD → U.PDATE → R.EPEAT
[2026-08-20T02:03:25.829202] ENGINE: 🚀 FOODAVRUR CYCLE INITIATED — FOODAVRUR_20260820_020325
[2026-08-20T02:03:25.829469] ENGINE: 🎯 Target: Highest Priority Card
[2026-08-20T02:03:25.829757] F.IND: Locating target problem or information...
[2026-08-20T02:03:38.753752] F.IND: Found target: Follow-up: Crownless Fortune project blocks
[2026-08-20T02:03:38.753974] O.BSERVE: Gathering real-time data and facts...
[2026-08-20T02:03:41.768919] O.BSERVE: fleet_status={'prometheus': 'DOWN', 'kuma': 'DOWN', 'redis': 'DOWN', 'treasuremap': 'UP'}, trello_access=verified
[2026-08-20T02:03:41.769150] O.RIENT: Filtering data through experience and knowledge...
[2026-08-20T02:03:41.769340] O.RIENT: priority=CRITICAL, impact=critical_fleet
[2026-08-20T02:03:41.769507] D.ECIDE: Planning navigation strategy...
[2026-08-20T02:03:41.769674] D.ECIDE: selected_action=process_card
[2026-08-20T02:03:41.769845] A.CT: Executing decision...
[2026-08-20T02:03:41.770013] A.CT: action_status=completed
[2026-08-20T02:03:41.770177] V.ERIFY: Checking results and side effects...
[2026-08-20T02:03:41.771669] V.ERIFY: verdict=PASS
[2026-08-20T02:03:41.771838] R.ECORD: Documenting results, metrics, and insights...
[2026-08-20T02:03:41.772491] R.ECORD: Evidence saved: FOODAVRUR_20260820_020325_20260820_020341.json
[2026-08-20T02:03:41.772663] R.ECORD: evidence_file=C:\Users\kidsm\Documents\My Docs\VOID Pirate Trading Co\Captain_Dashboard\dashboard\fleet\evidence\FOODAVRUR_20260820_020325_20260820_020341.json
[2026-08-20T02:03:41.772827] U.PDATE: Updating fleet status cache...
[2026-08-20T02:03:41.773250] U.PDATE: Fleet state updated: food_avrur_latest_state.json
[2026-08-20T02:03:41.773420] U.PDATE: state_updated=true
[2026-08-20T02:03:41.773588] R.EPEAT: Cycle complete — awaiting next activation
[2026-08-20T02:03:41.773757] ENGINE: 🏁 FOODAVRUR CYCLE COMPLETE in 15.94s
[2026-08-20T02:03:41.773932] ENGINE: 🎯 Cycle result: complete
[2026-08-20T02:08:17.102583] ENGINE: 🍳⚔️ FOODAVRUR Protocol Engine v2.0
[2026-08-20T02:08:17.102808] ENGINE: F.IND → O.RIENT → D.ECIDE → A.CT → V.ERIFY → PERSIST
[2026-08-20T02:08:17.102993] ENGINE: 🚀 CYCLE INITIATED — FOODAVRUR_20260820_020817
[2026-08-20T02:08:17.103165] F.IND: Locating target card...
[2026-08-20T02:08:18.399855] F.IND: Found target: Follow-up: Crownless Fortune project blocks (score: 60)
[2026-08-20T02:08:18.404044] O.RIENT: Analyzing target + fleet state...
[2026-08-20T02:08:21.435203] O.RIENT: Action type: generic | Complexity: low
[2026-08-20T02:08:21.435446] O.RIENT: Services: {'prometheus': 'DOWN', 'kuma': 'DOWN', 'redis': 'DOWN', 'treasuremap': 'UP', 'docker': 'UP'}
[2026-08-20T02:08:21.435633] D.ECIDE: Formulating action plan...
[2026-08-20T02:08:21.435811] D.ECIDE: Plan: generic — 4 steps
[2026-08-20T02:08:21.435979] A.CT: Executing: generic
[2026-08-20T02:08:21.436151] A.CT: Target: Follow-up: Crownless Fortune project blocks
[2026-08-20T02:08:21.436343] V.ERIFY: Validating action results against success criteria...
[2026-08-20T02:08:21.436520] V.ERIFY: Verdict: PASS (2 checks)
[2026-08-20T02:08:21.436687] PERSIST: Archiving evidence + updating Trello...
[2026-08-20T02:08:21.437266] PERSIST: Evidence saved: FOODAVRUR_20260820_020821_BxUs8x45.json
[2026-08-20T02:08:21.764864] PERSIST: Trello comment posted successfully
[2026-08-20T02:08:21.997264] PERSIST: Card has 6 labels
[2026-08-20T02:08:21.997870] PERSIST: State cache updated: food_avrur_latest_state.json
[2026-08-20T02:08:21.998104] PERSIST: Trello updated: True
[2026-08-20T02:08:22.001007] ENGINE: 🏁 CYCLE COMPLETE — PASS in 4.9s
[2026-08-20T02:08:22.001240] ENGINE: 🎯 Result: PASS
[2026-08-20T02:16:51.297064] ENGINE: 🍳⚔️ FOODAVRUR Protocol Engine v2.0
[2026-08-20T02:16:51.297378] ENGINE: F.IND → O.RIENT → D.ECIDE → A.CT → V.ERIFY → PERSIST
[2026-08-20T02:16:51.297646] ENGINE: 🚀 CYCLE INITIATED — FOODAVRUR_20260820_021651
[2026-08-20T02:16:51.297873] F.IND: Locating target card...
[2026-08-20T02:16:51.676489] F.IND: Captain-specified card: Follow-up: Crownless Fortune project blocks
[2026-08-20T02:16:51.677726] O.RIENT: Analyzing target + fleet state...
[2026-08-20T02:17:42.609079] ENGINE: 🍳⚔️ FOODAVRUR Protocol Engine v2.0
[2026-08-20T02:17:42.609291] ENGINE: F.IND → O.RIENT → D.ECIDE → A.CT → V.ERIFY → PERSIST
[2026-08-20T02:17:42.609476] ENGINE: 🚀 CYCLE INITIATED — FOODAVRUR_20260820_021742
[2026-08-20T02:17:42.609649] F.IND: Locating target card...
[2026-08-20T02:17:42.989366] F.IND: Captain-specified card: Follow-up: Crownless Fortune project blocks
[2026-08-20T02:17:42.990605] O.RIENT: Analyzing target + fleet state...
[2026-08-20T02:17:47.173447] O.RIENT: Action type: crownless_blocker | Complexity: medium
[2026-08-20T02:17:47.173670] O.RIENT: Services: {'prometheus': 'DOWN', 'kuma': 'DOWN', 'redis': 'DOWN', 'treasuremap': 'UP', 'docker': 'UP'}
[2026-08-20T02:17:47.175829] D.ECIDE: Formulating action plan...
[2026-08-20T02:17:47.176054] D.ECIDE: Captain approval required — gating execution
[2026-08-20T02:17:47.176234] ENGINE: 🛑 Captain approval required — gating execution
[2026-08-20T02:17:47.473798] ENGINE: Posted captain approval questions to Trello
[2026-08-20T02:17:47.474439] ENGINE: 🏁 CYCLE PAUSED — needs_captain in 4.86s
[2026-08-20T02:17:47.474628] ENGINE: 🎯 Result: unknown
[2026-08-20T02:28:42.084952] ENGINE: 🍳⚔️ FOODAVRUR Protocol Engine v2.0
[2026-08-20T02:28:42.085170] ENGINE: F.IND → O.RIENT → D.ECIDE → A.CT → V.ERIFY → PERSIST
[2026-08-20T02:28:42.085366] ENGINE: 🚀 CYCLE INITIATED — FOODAVRUR_20260820_022842
[2026-08-20T02:28:42.085547] F.IND: Locating up to 5 candidate cards...
[2026-08-20T02:28:42.600321] F.IND: Captain-specified card: Follow-up: Crownless Fortune project blocks
[2026-08-20T02:28:42.601521] ENGINE: 🔍 Trying candidate: [BxUs8x45] Follow-up: Crownless Fortune project blocks
[2026-08-20T02:28:42.601737] O.RIENT: Analyzing: Follow-up: Crownless Fortune project blocks
[2026-08-20T02:28:46.615398] O.RIENT: Action type: crownless_blocker | Complexity: medium
[2026-08-20T02:28:46.616893] D.ECIDE: Formulating action plan...
[2026-08-20T02:28:46.617089] D.ECIDE: Captain approval required — gating execution
[2026-08-20T02:28:46.617289] ENGINE: 🛑 Captain approval required — skipping to next candidate
[2026-08-20T02:28:47.020973] ENGINE: Posted captain approval questions to Trello
[2026-08-20T02:28:47.021225] ENGINE: ⏸️ Candidate needs captain: BxUs8x45 — trying next candidate
[2026-08-20T02:28:47.021424] ENGINE: 🏁 CYCLE COMPLETE — no executable cards, 1 need captain approval, 4.94s
[2026-08-20T02:28:56.539963] ENGINE: 🍳⚔️ FOODAVRUR Protocol Engine v2.0
[2026-08-20T02:28:56.540176] ENGINE: F.IND → O.RIENT → D.ECIDE → A.CT → V.ERIFY → PERSIST
[2026-08-20T02:28:56.540353] ENGINE: 🚀 CYCLE INITIATED — FOODAVRUR_20260820_022856
[2026-08-20T02:28:56.540527] F.IND: Locating up to 5 candidate cards...
[2026-08-20T02:28:57.837219] F.IND: Found 5 candidates: P0 → P0
[2026-08-20T02:28:57.837484] F.IND:   1. [BxUs8x45] Follow-up: Crownless Fortune project blocks (score: 60)
[2026-08-20T02:28:57.837687] F.IND:   2. [HxU09T9D] [CF-81] Fail-closed guard (guardCheck.js) (score: 60)
[2026-08-20T02:28:57.837853] F.IND:   3. [QzrcsKnu] [CF-82] Token/reset HUD updater (score: 60)
[2026-08-20T02:28:57.838019] F.IND:   4. [i1BF2xVM] [CF-83] TreasureMap export bridge (score: 60)
[2026-08-20T02:28:57.838181] F.IND:   5. [h3WpEjGP] [CF-244] Lane 2.1: Implement proof-skill drop wiring (score: 60)
[2026-08-20T02:28:57.840789] ENGINE: 🔍 Trying candidate: [BxUs8x45] Follow-up: Crownless Fortune project blocks
[2026-08-20T02:28:57.840970] O.RIENT: Analyzing: Follow-up: Crownless Fortune project blocks
[2026-08-20T02:29:01.948008] O.RIENT: Action type: crownless_blocker | Complexity: medium
[2026-08-20T02:29:01.949464] D.ECIDE: Formulating action plan...
[2026-08-20T02:29:01.949715] D.ECIDE: Captain approval required — gating execution
[2026-08-20T02:29:01.949949] ENGINE: 🛑 Captain approval required — skipping to next candidate
[2026-08-20T02:29:02.275259] ENGINE: Posted captain approval questions to Trello
[2026-08-20T02:29:02.275507] ENGINE: ⏸️ Candidate needs captain: BxUs8x45 — trying next candidate
[2026-08-20T02:29:02.275693] ENGINE: 🔍 Trying candidate: [HxU09T9D] [CF-81] Fail-closed guard (guardCheck.js)
[2026-08-20T02:29:02.275867] O.RIENT: Analyzing: [CF-81] Fail-closed guard (guardCheck.js)
[2026-08-20T02:29:06.173066] O.RIENT: Action type: generic | Complexity: low
[2026-08-20T02:29:06.175089] D.ECIDE: Formulating action plan...
[2026-08-20T02:29:06.175311] D.ECIDE: Plan: generic — 4 steps
[2026-08-20T02:29:06.175495] A.CT: Executing: generic
[2026-08-20T02:29:06.175683] A.CT: Target: [CF-81] Fail-closed guard (guardCheck.js)
[2026-08-20T02:29:06.175874] V.ERIFY: Validating action results against success criteria...
[2026-08-20T02:29:06.176121] V.ERIFY: Verdict: PASS (2 checks)
[2026-08-20T02:29:06.176364] PERSIST: Archiving evidence + updating Trello...
[2026-08-20T02:29:06.177198] PERSIST: Evidence saved: FOODAVRUR_20260820_022906_HxU09T9D.json
[2026-08-20T02:29:06.523264] PERSIST: Trello comment posted successfully
[2026-08-20T02:29:06.723326] PERSIST: Card has 4 labels
[2026-08-20T02:29:06.723812] PERSIST: State cache updated: food_avrur_latest_state.json
[2026-08-20T02:29:06.725663] ENGINE: 🏁 CARD COMPLETED — PASS in 10.19s
[2026-08-20T02:37:10.259116] ENGINE: 🍳⚔️ FOODAVRUR Protocol Engine v2.0
[2026-08-20T02:37:10.259332] ENGINE: F.IND → O.RIENT → D.ECIDE → A.CT → V.ERIFY → PERSIST
[2026-08-20T02:37:10.259514] ENGINE: 🚀 CYCLE INITIATED — FOODAVRUR_20260820_023710
[2026-08-20T02:37:10.259708] F.IND: Locating up to 5 candidate cards...
[2026-08-20T02:37:11.955684] F.IND: Found 5 candidates: P0 → P0
[2026-08-20T02:37:11.955910] F.IND:   1. [BxUs8x45] Follow-up: Crownless Fortune project blocks (score: 60)
[2026-08-20T02:37:11.956093] F.IND:   2. [HxU09T9D] [CF-81] Fail-closed guard (guardCheck.js) (score: 60)
[2026-08-20T02:37:11.956268] F.IND:   3. [QzrcsKnu] [CF-82] Token/reset HUD updater (score: 60)
[2026-08-20T02:37:11.956443] F.IND:   4. [i1BF2xVM] [CF-83] TreasureMap export bridge (score: 60)
[2026-08-20T02:37:11.956617] F.IND:   5. [h3WpEjGP] [CF-244] Lane 2.1: Implement proof-skill drop wiring (score: 60)
[2026-08-20T02:37:11.958945] ENGINE: 🔍 Trying candidate: [BxUs8x45] Follow-up: Crownless Fortune project blocks
[2026-08-20T02:37:11.959135] O.RIENT: Analyzing: Follow-up: Crownless Fortune project blocks
[2026-08-20T02:37:16.088721] O.RIENT: Action type: crownless_blocker | Complexity: medium
[2026-08-20T02:37:16.090130] D.ECIDE: Formulating action plan...
[2026-08-20T02:37:16.090324] D.ECIDE: Captain approval required — gating execution
[2026-08-20T02:37:16.090502] ENGINE: 🛑 Captain approval required — skipping to next candidate
[2026-08-20T02:37:16.394176] ENGINE: Posted captain approval questions to Trello
[2026-08-20T02:37:16.394380] ENGINE: ⏸️ Candidate needs captain: BxUs8x45 — trying next candidate
[2026-08-20T02:37:16.394562] ENGINE: 🔍 Trying candidate: [HxU09T9D] [CF-81] Fail-closed guard (guardCheck.js)
[2026-08-20T02:37:16.394757] O.RIENT: Analyzing: [CF-81] Fail-closed guard (guardCheck.js)
[2026-08-20T02:37:20.370528] O.RIENT: Action type: generic | Complexity: low
[2026-08-20T02:37:20.371889] D.ECIDE: Formulating action plan...
[2026-08-20T02:37:20.372096] D.ECIDE: Plan: generic — 4 steps
[2026-08-20T02:37:20.372325] A.CT: Executing: generic
[2026-08-20T02:37:20.372505] A.CT: Target: [CF-81] Fail-closed guard (guardCheck.js)
[2026-08-20T02:37:20.372681] V.ERIFY: Validating action results against success criteria...
[2026-08-20T02:37:20.372871] V.ERIFY: Verdict: PASS (2 checks)
[2026-08-20T02:37:20.373042] PERSIST: Archiving evidence + updating Trello...
[2026-08-20T02:37:20.373659] PERSIST: Evidence saved: FOODAVRUR_20260820_023720_HxU09T9D.json
[2026-08-20T02:37:20.689560] PERSIST: Trello comment posted successfully
[2026-08-20T02:37:20.922906] PERSIST: Card has 4 labels
[2026-08-20T02:37:20.923418] PERSIST: State cache updated: food_avrur_latest_state.json
[2026-08-20T02:37:20.925394] ENGINE: 🏁 CARD COMPLETED — PASS in 10.67s
