PREWARM: cache populated with 4 ships, 67 containers
[REQUEST_ERROR] NameError("name '_j' is not defined")
Traceback (most recent call last):
  File "C:\Users\kidsm\Documents\My Docs\VOID Pirate Trading Co\Obsidian_Vault\Developer_Brain\01_Projects\capta1n_orchestrat0r\dashboard\dashboard_server.py", line 1459, in handle_one_request
    super().handle_one_request()
  File "C:\Users\kidsm\AppData\Local\hermes\hermes-agent\.hermes-runtime\python\generation-1785450105-17256-e1d80005\cpython-3.11-windows-x86_64-none\Lib\http\server.py", line 428, in handle_one_request
    method()
  File "C:\Users\kidsm\Documents\My Docs\VOID Pirate Trading Co\Obsidian_Vault\Developer_Brain\01_Projects\capta1n_orchestrat0r\dashboard\dashboard_server.py", line 1469, in do_GET
    self._route()
  File "C:\Users\kidsm\Documents\My Docs\VOID Pirate Trading Co\Obsidian_Vault\Developer_Brain\01_Projects\capta1n_orchestrat0r\dashboard\dashboard_server.py", line 1437, in _route
    self.handle_security_api()
  File "C:\Users\kidsm\Documents\My Docs\VOID Pirate Trading Co\Obsidian_Vault\Developer_Brain\01_Projects\capta1n_orchestrat0r\dashboard\dashboard_server.py", line 2392, in handle_security_api
    self.wfile.write(_j.dumps(payload, indent=2).encode())
                     ^^
NameError: name '_j' is not defined
[REQUEST_ERROR] NameError("name '_j' is not defined")
Traceback (most recent call last):
  File "C:\Users\kidsm\Documents\My Docs\VOID Pirate Trading Co\Obsidian_Vault\Developer_Brain\01_Projects\capta1n_orchestrat0r\dashboard\dashboard_server.py", line 1459, in handle_one_request
    super().handle_one_request()
  File "C:\Users\kidsm\AppData\Local\hermes\hermes-agent\.hermes-runtime\python\generation-1785450105-17256-e1d80005\cpython-3.11-windows-x86_64-none\Lib\http\server.py", line 428, in handle_one_request
    method()
  File "C:\Users\kidsm\Documents\My Docs\VOID Pirate Trading Co\Obsidian_Vault\Developer_Brain\01_Projects\capta1n_orchestrat0r\dashboard\dashboard_server.py", line 1469, in do_GET
    self._route()
  File "C:\Users\kidsm\Documents\My Docs\VOID Pirate Trading Co\Obsidian_Vault\Developer_Brain\01_Projects\capta1n_orchestrat0r\dashboard\dashboard_server.py", line 1437, in _route
    self.handle_security_api()
  File "C:\Users\kidsm\Documents\My Docs\VOID Pirate Trading Co\Obsidian_Vault\Developer_Brain\01_Projects\capta1n_orchestrat0r\dashboard\dashboard_server.py", line 2392, in handle_security_api
    self.wfile.write(_j.dumps(payload, indent=2).encode())
                     ^^
NameError: name '_j' is not defined
[REQUEST_ERROR] NameError("name '_j' is not defined")
Traceback (most recent call last):
  File "C:\Users\kidsm\Documents\My Docs\VOID Pirate Trading Co\Obsidian_Vault\Developer_Brain\01_Projects\capta1n_orchestrat0r\dashboard\dashboard_server.py", line 1459, in handle_one_request
    super().handle_one_request()
  File "C:\Users\kidsm\AppData\Local\hermes\hermes-agent\.hermes-runtime\python\generation-1785450105-17256-e1d80005\cpython-3.11-windows-x86_64-none\Lib\http\server.py", line 428, in handle_one_request
    method()
  File "C:\Users\kidsm\Documents\My Docs\VOID Pirate Trading Co\Obsidian_Vault\Developer_Brain\01_Projects\capta1n_orchestrat0r\dashboard\dashboard_server.py", line 1469, in do_GET
    self._route()
  File "C:\Users\kidsm\Documents\My Docs\VOID Pirate Trading Co\Obsidian_Vault\Developer_Brain\01_Projects\capta1n_orchestrat0r\dashboard\dashboard_server.py", line 1437, in _route
    self.handle_security_api()
  File "C:\Users\kidsm\Documents\My Docs\VOID Pirate Trading Co\Obsidian_Vault\Developer_Brain\01_Projects\capta1n_orchestrat0r\dashboard\dashboard_server.py", line 2392, in handle_security_api
    self.wfile.write(_j.dumps(payload, indent=2).encode())
                     ^^
NameError: name '_j' is not defined
[REQUEST_ERROR] NameError("name '_j' is not defined")
Traceback (most recent call last):
  File "C:\Users\kidsm\Documents\My Docs\VOID Pirate Trading Co\Obsidian_Vault\Developer_Brain\01_Projects\capta1n_orchestrat0r\dashboard\dashboard_server.py", line 1459, in handle_one_request
    super().handle_one_request()
  File "C:\Users\kidsm\AppData\Local\hermes\hermes-agent\.hermes-runtime\python\generation-1785450105-17256-e1d80005\cpython-3.11-windows-x86_64-none\Lib\http\server.py", line 428, in handle_one_request
    method()
  File "C:\Users\kidsm\Documents\My Docs\VOID Pirate Trading Co\Obsidian_Vault\Developer_Brain\01_Projects\capta1n_orchestrat0r\dashboard\dashboard_server.py", line 1469, in do_GET
    self._route()
  File "C:\Users\kidsm\Documents\My Docs\VOID Pirate Trading Co\Obsidian_Vault\Developer_Brain\01_Projects\capta1n_orchestrat0r\dashboard\dashboard_server.py", line 1437, in _route
    self.handle_security_api()
  File "C:\Users\kidsm\Documents\My Docs\VOID Pirate Trading Co\Obsidian_Vault\Developer_Brain\01_Projects\capta1n_orchestrat0r\dashboard\dashboard_server.py", line 2392, in handle_security_api
    self.wfile.write(_j.dumps(payload, indent=2).encode())
                     ^^
NameError: name '_j' is not defined
[REQUEST_ERROR] NameError("name '_j' is not defined")
Traceback (most recent call last):
  File "C:\Users\kidsm\Documents\My Docs\VOID Pirate Trading Co\Obsidian_Vault\Developer_Brain\01_Projects\capta1n_orchestrat0r\dashboard\dashboard_server.py", line 1459, in handle_one_request
    super().handle_one_request()
  File "C:\Users\kidsm\AppData\Local\hermes\hermes-agent\.hermes-runtime\python\generation-1785450105-17256-e1d80005\cpython-3.11-windows-x86_64-none\Lib\http\server.py", line 428, in handle_one_request
    method()
  File "C:\Users\kidsm\Documents\My Docs\VOID Pirate Trading Co\Obsidian_Vault\Developer_Brain\01_Projects\capta1n_orchestrat0r\dashboard\dashboard_server.py", line 1469, in do_GET
    self._route()
  File "C:\Users\kidsm\Documents\My Docs\VOID Pirate Trading Co\Obsidian_Vault\Developer_Brain\01_Projects\capta1n_orchestrat0r\dashboard\dashboard_server.py", line 1437, in _route
    self.handle_security_api()
  File "C:\Users\kidsm\Documents\My Docs\VOID Pirate Trading Co\Obsidian_Vault\Developer_Brain\01_Projects\capta1n_orchestrat0r\dashboard\dashboard_server.py", line 2392, in handle_security_api
    self.wfile.write(_j.dumps(payload, indent=2).encode())
                     ^^
NameError: name '_j' is not defined
[REQUEST_ERROR] NameError("name '_j' is not defined")
Traceback (most recent call last):
  File "C:\Users\kidsm\Documents\My Docs\VOID Pirate Trading Co\Obsidian_Vault\Developer_Brain\01_Projects\capta1n_orchestrat0r\dashboard\dashboard_server.py", line 1459, in handle_one_request
    super().handle_one_request()
  File "C:\Users\kidsm\AppData\Local\hermes\hermes-agent\.hermes-runtime\python\generation-1785450105-17256-e1d80005\cpython-3.11-windows-x86_64-none\Lib\http\server.py", line 428, in handle_one_request
    method()
  File "C:\Users\kidsm\Documents\My Docs\VOID Pirate Trading Co\Obsidian_Vault\Developer_Brain\01_Projects\capta1n_orchestrat0r\dashboard\dashboard_server.py", line 1469, in do_GET
    self._route()
  File "C:\Users\kidsm\Documents\My Docs\VOID Pirate Trading Co\Obsidian_Vault\Developer_Brain\01_Projects\capta1n_orchestrat0r\dashboard\dashboard_server.py", line 1437, in _route
    self.handle_security_api()
  File "C:\Users\kidsm\Documents\My Docs\VOID Pirate Trading Co\Obsidian_Vault\Developer_Brain\01_Projects\capta1n_orchestrat0r\dashboard\dashboard_server.py", line 2392, in handle_security_api
    self.wfile.write(_j.dumps(payload, indent=2).encode())
                     ^^
NameError: name '_j' is not defined
[FATAL] port 9000 is already in use by another process.
        The Captain dashboard must be the ONLY server on :9000.
        If a stale hive-mind-dashboard/app.py is running, stop it first.
        (This guard prevents a split-brain dashboard.)
PREWARM: cache populated with 4 ships, 67 containers
